tests/inputs/d/b.csv
tests/inputs/d/e/e.mp3
tests/inputs/a/b/c/c.mp3
tests/inputs/a/b/b.csv
tests/inputs/g.csv
