tests/inputs/a/b
tests/inputs/a/b/c
tests/inputs/a/b/c/c.mp3
tests/inputs/a/b/b.csv
