tests/inputs/d
tests/inputs/d/d.txt
tests/inputs/d/d.tsv
tests/inputs/d/b.csv
tests/inputs/d/e
tests/inputs/d/e/e.mp3
